// Jest Snapshot v1, https://goo.gl/fbAQLP

exports[`Content correctly 1`] = `
<section
  id="content"
>
  <h2
    id="content-title"
  >
    I'm Rick Harrison, and this is my pawn shop.I work here with my old man and my son, Big Hoss. Everything in herehas a story and a price. One thing I've learned after 21 years –you never know WHAT is gonna come through that door.
  </h2>
  <i>
    2/26/2020
  </i>
  <p>
    Description: I'm Rick Harrison, and this is my pawn shop.I work here with my old man and my son, Big Hoss. Everything in herehas a story and a price. One thing I've learned after 21 years –you never know WHAT is gonna come through that door.
  </p>
</section>
`;

exports[`Content placeholder renders correctly 1`] = `
<section
  id="content"
>
  Sample Text
</section>
`;
